[2026-02-27T20:37:35.078Z] system | SERVER | Сервер запущен vv0.7.7
[2026-02-27T20:47:21.261Z] system | SERVER | Запуск vv0.7.8
[2026-02-27T20:59:48.249Z] system | SERVER | Запуск vv0.7.9 с политикой и телефоном
[2026-02-27T21:00:55.792Z] delete_post | Dane4ka5 | Пост 2
[2026-02-27T21:00:58.835Z] delete_post | Dane4ka5 | Пост 1
[2026-02-27T21:01:00.716Z] delete_post | Dane4ka5 | Пост 3
[2026-02-27T21:01:40.214Z] add_post | Dane4ka5 | Релиз Nanogram скоро!
[2026-02-27T21:09:47.602Z] system | SERVER | Запуск vv0.7.9 с политикой и телефоном
[2026-02-27T21:17:28.885Z] system | SERVER | Запуск vv0.7.9 с политикой и телефоном
[2026-03-01T08:19:32.859Z] system | SERVER | Запуск vv0.8.0 с полной синхронизацией
[2026-03-01T08:23:03.790Z] register | TestUser | Новый пользователь с телефоном +79991234567
[2026-03-01T08:23:04.816Z] message | TestUser | Сообщение к TestUser
[2026-03-01T08:26:08.713Z] disconnect | TestUser | Отключение
[2026-03-01T10:04:15.308Z] system | SERVER | Запуск vv0.8.2 с донатами и премиумом
[2026-03-01T10:22:33.860Z] system | SERVER | Запуск vv0.8.2 с донатами и премиумом
[2026-03-07T14:04:38.500Z] system | SERVER | Запуск vv0.9.1 с активностью
[2026-03-07T19:14:15.659Z] system | SERVER | Запуск v0.10.1
[2026-03-07T19:16:09.131Z] system | SERVER | Запуск v0.10.1
[2026-03-07T20:04:25.477Z] system | SERVER | Запуск v0.10.1
[2026-03-08T09:31:45.137Z] system | SERVER | Запуск v0.10.3
[2026-03-08T09:36:49.506Z] system | SERVER | Запуск v0.10.3
[2026-03-16T17:15:39.337Z] system | SERVER | Запуск v0.10.7
[2026-03-16T17:29:42.612Z] system | SERVER | Запуск v0.10.7
[2026-03-22T16:50:08.516Z] system | SERVER | Запуск v0.10.8 — готовимся к Nexora
[2026-03-22T16:51:37.547Z] system | SERVER | Запуск v0.10.8 — готовимся к Nexora
[2026-03-22T19:17:27.515Z] system | SERVER | Запуск v0.10.9 — Nexora ready
[2026-03-22T19:25:42.349Z] system | SERVER | Запуск v0.10.9 — Nexora ready
[2026-03-22T19:45:26.890Z] system | SERVER | Запуск v0.10.9 — бан отключён
[2026-03-22T19:45:26.893Z] system | SERVER | Запуск v0.10.9 — бан отключён
[2026-03-23T17:02:33.981Z] system | SERVER | Запуск v0.11.0 — Whitelist + Banlist + Error System
[2026-03-23T17:02:33.983Z] system | SERVER | Запуск v0.11.0 — Whitelist + Banlist + Error System
[2026-03-23T17:08:02.775Z] system | SERVER | Запуск v0.11.0 — Whitelist + Banlist + Error System
[2026-03-23T17:08:02.777Z] system | SERVER | Запуск v0.11.0 — Whitelist + Banlist + Error System
[2026-03-23T17:15:18.157Z] system | SERVER | Запуск v0.11.0 — Whitelist + Banlist + Error System
[2026-03-23T17:15:18.160Z] system | SERVER | Запуск v0.11.0 — Whitelist + Banlist + Error System
[2026-03-23T17:17:36.569Z] system | SERVER | Запуск v0.11.0 — Whitelist + Banlist + Error System
[2026-03-23T17:17:36.571Z] system | SERVER | Запуск v0.11.0 — Whitelist + Banlist + Error System
[2026-03-23T17:18:40.582Z] system | SERVER | Запуск v0.11.0 — Whitelist + Banlist + Error System
[2026-03-23T17:18:40.585Z] system | SERVER | Запуск v0.11.0 — Whitelist + Banlist + Error System
[2026-03-24T19:14:24.578Z] system | SERVER | Запуск v0.11.5 — IP Ban + Whitelist
[2026-03-24T19:21:02.702Z] system | SERVER | Запуск v0.11.5 — IP Ban + Whitelist
[2026-03-24T19:23:22.039Z] system | SERVER | Запуск v0.11.5 — IP Ban + Whitelist
